>>> from 0-add_integer import add_integer
>>> add_integer(1, 2)
3

>>> add_integer(1, -2)
-1

>>> add_integer(1.4, 2)
3.4

>>> add_integer(1, "2")
Traceback (most recent call last):
    ...
TypeError: b must be an integer
