>>> from 2-matrix_divided import matrix_divided
>>> matrix = [
...     [1, 2, 3],
...     [4, 5, 6]
... ]
>>> matrix_divided(matrix, 3)
[[0.33, 0.67, 1.0], [1.33, 1.67, 2.0]]
>>> matrix
[[1, 2, 3], [4, 5, 6]]

>>> matrix_divided([[10, 20], [30, 40]], 5)
[[2.0, 4.0], [6.0, 8.0]]

>>> matrix_divided([[1, 2], [3, 4]], 1)
[[1.0, 2.0], [3.0, 4.0]]

>>> matrix_divided([[1, 1]], 2)
[[0.5, 0.5]]

>>> matrix_divided([[7, 8], [9, 10]], 3)
[[2.33, 2.67], [3.0, 3.33]]

>>> matrix_divided([[1, 2], [3, 4]], 0)
Traceback (most recent call last):
    ...
ZeroDivisionError: division by zero

>>> matrix_divided([[1, 2], [3, '4']], 2)
Traceback (most recent call last):
    ...
TypeError: matrix must be a matrix (list of lists) of integers/floats

>>> matrix_divided([[1, 2], [3, 4, 5]], 2)
Traceback (most recent call last):
    ...
TypeError: Each row of the matrix must have the same size

>>> matrix_divided([[1, 2], [3, 4]], "a")
Traceback (most recent call last):
    ...
TypeError: div must be a number

